
[1m[46m RUN [49m[22m [36mv4.0.16 [39m[90mC:/Users/marcoszanr/Documents/Dev/teams_agent_bridge[39m

 [32mΓ£ô[39m src-react/__tests__/services/languageVoiceMap.test.ts [2m([22m[2m18 tests[22m[2m)[22m[32m 27[2mms[22m[39m
[90mstdout[2m | src-react/__tests__/services/tokenService.test.ts[2m > [22m[2mtokenService[2m > [22m[2mreuses cached tokens for the same identity key while they are fresh
[22m[39mAll ACS token caches cleared

[90mstdout[2m | src-react/__tests__/services/tokenService.test.ts[2m > [22m[2mtokenService[2m > [22m[2mreuses cached tokens for the same identity key while they are fresh
[22m[39mACS token ready for identity agent-1 (scopes: voip, chat)

[90mstdout[2m | src-react/__tests__/services/chatService.test.ts[2m > [22m[2mMeetingChatService disposal[2m > [22m[2mclears callbacks after disposal
[22m[39mDisconnected from meeting chat

[90mstdout[2m | src-react/__tests__/services/tokenService.test.ts[2m > [22m[2mtokenService[2m > [22m[2mkeeps identities isolated across different cache keys
[22m[39mAll ACS token caches cleared

[90mstdout[2m | src-react/__tests__/services/tokenService.test.ts[2m > [22m[2mtokenService[2m > [22m[2mkeeps identities isolated across different cache keys
[22m[39mACS token ready for identity agent-1 (scopes: voip, chat)

[90mstdout[2m | src-react/__tests__/services/validationService.test.ts[2m > [22m[2mvalidateAzureFoundryConfig[2m > [22m[2mredacts client secrets from Azure Foundry auth failures
[22m[39m≡ƒº¬ Validating Azure Foundry config: {
  projectEndpoint: [32m'https://example.services.ai.azure.com/api/projects/demo'[39m,
  agentName: [32m'demo-agent'[39m,
  region: [32m'eastus'[39m,
  tenantId: [32m'12345678...'[39m
}

[90mstdout[2m | src-react/__tests__/services/tokenService.test.ts[2m > [22m[2mtokenService[2m > [22m[2mkeeps identities isolated across different cache keys
[22m[39mACS token ready for identity agent-2 (scopes: voip, chat)

[90mstdout[2m | src-react/__tests__/services/copilotAuthService.test.ts[2m > [22m[2mCopilotAuthService[2m > [22m[2mcleans up legacy localStorage auth cache during initialization
[22m[39mInitializing Copilot Studio authentication (Device Code Flow)...

 [32mΓ£ô[39m src-react/__tests__/services/chatService.test.ts [2m([22m[2m1 test[22m[2m)[22m[32m 14[2mms[22m[39m
[90mstdout[2m | src-react/__tests__/services/tokenService.test.ts[2m > [22m[2mtokenService[2m > [22m[2mclears a cached identity token when requested
[22m[39mAll ACS token caches cleared

[90mstdout[2m | src-react/__tests__/services/copilotAuthService.test.ts[2m > [22m[2mCopilotAuthService[2m > [22m[2mcleans up legacy localStorage auth cache during initialization
[22m[39mCleaned up legacy plaintext auth tokens from localStorage
Found valid cached token for: user@example.com

[90mstdout[2m | src-react/__tests__/services/tokenService.test.ts[2m > [22m[2mtokenService[2m > [22m[2mclears a cached identity token when requested
[22m[39mACS token ready for identity agent-1 (scopes: voip, chat)

 [32mΓ£ô[39m src-react/__tests__/services/validationService.test.ts [2m([22m[2m1 test[22m[2m)[22m[32m 14[2mms[22m[39m
[90mstdout[2m | src-react/__tests__/services/copilotAuthService.test.ts[2m > [22m[2mCopilotAuthService[2m > [22m[2msignOut stops polling and clears browser auth caches
[22m[39mSigned out successfully

[90mstdout[2m | src-react/__tests__/services/tokenService.test.ts[2m > [22m[2mtokenService[2m > [22m[2mclears a cached identity token when requested
[22m[39mACS token cache cleared for identity agent-1

[90mstdout[2m | src-react/__tests__/services/tokenService.test.ts[2m > [22m[2mtokenService[2m > [22m[2mclears a cached identity token when requested
[22m[39mACS token ready for identity agent-1 (scopes: voip, chat)

 [32mΓ£ô[39m src-react/__tests__/services/copilotAuthService.test.ts [2m([22m[2m2 tests[22m[2m)[22m[32m 19[2mms[22m[39m
[90mstdout[2m | src-react/__tests__/services/tokenService.test.ts[2m > [22m[2mtokenService[2m > [22m[2malways creates a fresh identity for validation requests
[22m[39mAll ACS token caches cleared

[90mstdout[2m | src-react/__tests__/services/tokenService.test.ts[2m > [22m[2mtokenService[2m > [22m[2malways creates a fresh identity for validation requests
[22m[39mACS fresh token created (userId: fresh-1...)

[90mstdout[2m | src-react/__tests__/services/tokenService.test.ts[2m > [22m[2mtokenService[2m > [22m[2malways creates a fresh identity for validation requests
[22m[39mACS fresh token created (userId: fresh-2...)

 [32mΓ£ô[39m src-react/__tests__/services/tokenService.test.ts [2m([22m[2m4 tests[22m[2m)[22m[32m 63[2mms[22m[39m
 [32mΓ£ô[39m src-react/__tests__/services/acsService.test.ts [2m([22m[2m1 test[22m[2m)[22m[32m 8[2mms[22m[39m
 [32mΓ£ô[39m src-react/__tests__/services/credentialService.test.ts [2m([22m[2m3 tests[22m[2m)[22m[32m 10[2mms[22m[39m
[90mstdout[2m | src-react/__tests__/services/agentMeetingOrchestrator.test.ts[2m > [22m[2mAgentMeetingOrchestrator ΓÇö Mode Separation & Guardrails[2m > [22m[2mAssistant response waits[2m > [22m[2mclears pending waits when the orchestrator stops
[22m[39mΓä╣∩╕Å [02:23:02.321] [CAB] [App] [Orchestrator:test-ins] Orchestrator stopped

[90mstdout[2m | src-react/__tests__/services/agentMeetingOrchestrator.test.ts[2m > [22m[2mAgentMeetingOrchestrator ΓÇö Mode Separation & Guardrails[2m > [22m[2mMax consecutive actions[2m > [22m[2mblocks proactive check when max consecutive actions reached
[22m[39mΓä╣∩╕Å [02:23:02.335] [CAB] [App] [Orchestrator:test-ins] ≡ƒÄ¡ Proactive check blocked: max consecutive actions reached (1/1)

[90mstdout[2m | src-react/__tests__/services/agentMeetingOrchestrator.test.ts[2m > [22m[2mAgentMeetingOrchestrator ΓÇö Mode Separation & Guardrails[2m > [22m[2mProactive turn-taking[2m > [22m[2mkeeps proactive speech going in interview-safe mode and buffers the reply
[22m[39mΓä╣∩╕Å [02:23:02.338] [CAB] [App] [Orchestrator:test-ins] Buffered Candidate while proactive speech kept the floor

[90mstdout[2m | src-react/__tests__/services/agentMeetingOrchestrator.test.ts[2m > [22m[2mAgentMeetingOrchestrator ΓÇö Mode Separation & Guardrails[2m > [22m[2mProactive turn-taking[2m > [22m[2mstill interrupts proactive speech in interruptible mode
[22m[39mΓä╣∩╕Å [02:23:02.340] [CAB] [App] [Orchestrator:test-ins] Interrupted by Candidate

[90mstdout[2m | src-react/__tests__/services/agentMeetingOrchestrator.test.ts[2m > [22m[2mAgentMeetingOrchestrator ΓÇö Mode Separation & Guardrails[2m > [22m[2mProactive turn-taking[2m > [22m[2mdoes not wait for a fresh human response when one arrived during proactive speech
[22m[39mΓä╣∩╕Å [02:23:02.344] [CAB] [App] [Orchestrator:test-ins] ≡ƒÄ¡ Proactive response delivered via speech ΓÇö human already replied during speech

[90mstdout[2m | src-react/__tests__/services/agentMeetingOrchestrator.test.ts[2m > [22m[2mAgentMeetingOrchestrator ΓÇö Mode Separation & Guardrails[2m > [22m[2mProactive turn-taking[2m > [22m[2mwaits for a fresh human response when no overlap was captured
[22m[39mΓä╣∩╕Å [02:23:02.346] [CAB] [App] [Orchestrator:test-ins] ≡ƒÄ¡ Proactive response delivered via speech ΓÇö waiting for human response

[90mstdout[2m | src-react/__tests__/services/agentMeetingOrchestrator.test.ts[2m > [22m[2mAgentMeetingOrchestrator ΓÇö Mode Separation & Guardrails[2m > [22m[2mAuto-leave on completion ([LEAVE_MEETING] sentinel)[2m > [22m[2m_handleAutoLeave extracts farewell text before [LEAVE_MEETING]
[22m[39mΓä╣∩╕Å [02:23:02.359] [CAB] [App] [Orchestrator:test-ins] ≡ƒæï Agent requested to leave ΓÇö delivering goodbye via both

[90mstdout[2m | src-react/__tests__/services/agentMeetingOrchestrator.test.ts[2m > [22m[2mAgentMeetingOrchestrator ΓÇö Mode Separation & Guardrails[2m > [22m[2mAuto-leave on completion ([LEAVE_MEETING] sentinel)[2m > [22m[2m_handleAutoLeave extracts farewell text before [LEAVE_MEETING]
[22m[39mΓä╣∩╕Å [02:23:02.359] [CAB] [App] [Orchestrator:test-ins] ≡ƒöè Goodbye spoken via TTS

[90mstdout[2m | src-react/__tests__/services/agentMeetingOrchestrator.test.ts[2m > [22m[2mAgentMeetingOrchestrator ΓÇö Mode Separation & Guardrails[2m > [22m[2mAuto-leave on completion ([LEAVE_MEETING] sentinel)[2m > [22m[2m_handleAutoLeave extracts farewell text before [LEAVE_MEETING]
[22m[39mΓä╣∩╕Å [02:23:02.359] [CAB] [App] [Orchestrator:test-ins] ≡ƒôñ Goodbye sent to meeting chat
Γä╣∩╕Å [02:23:02.359] [CAB] [App] [Orchestrator:test-ins] ΓÅ│ Waiting 2500ms before leaving meeting

[90mstdout[2m | src-react/__tests__/services/agentMeetingOrchestrator.test.ts[2m > [22m[2mAgentMeetingOrchestrator ΓÇö Mode Separation & Guardrails[2m > [22m[2mAuto-leave on completion ([LEAVE_MEETING] sentinel)[2m > [22m[2m_handleAutoLeave extracts farewell text before [LEAVE_MEETING]
[22m[39mΓä╣∩╕Å [02:23:04.859] [CAB] [App] [Orchestrator:test-ins] ≡ƒÜ¬ Auto-leave triggered ΓÇö emitting leave-requested

[90mstdout[2m | src-react/__tests__/hooks/useSessionAutoCleanup.test.tsx
[22m[39m≡ƒöº ENV Config loaded: {
  agentName: [32m'John Doe'[39m,
  hasAccessKey: [33mtrue[39m,
  hasSpeechKey: [33mtrue[39m,
  hasCopilotClientId: [33mtrue[39m
}

[90mstdout[2m | src-react/__tests__/services/agentMeetingOrchestrator.test.ts[2m > [22m[2mAgentMeetingOrchestrator ΓÇö Mode Separation & Guardrails[2m > [22m[2mAuto-leave on completion ([LEAVE_MEETING] sentinel)[2m > [22m[2m_handleAutoLeave prefers goodbyeMessage over model farewell text when configured
[22m[39mΓä╣∩╕Å [02:23:02.372] [CAB] [App] [Orchestrator:test-ins] ≡ƒæï Agent requested to leave ΓÇö delivering goodbye via chat

[90mstdout[2m | src-react/__tests__/services/agentMeetingOrchestrator.test.ts[2m > [22m[2mAgentMeetingOrchestrator ΓÇö Mode Separation & Guardrails[2m > [22m[2mAuto-leave on completion ([LEAVE_MEETING] sentinel)[2m > [22m[2m_handleAutoLeave prefers goodbyeMessage over model farewell text when configured
[22m[39mΓä╣∩╕Å [02:23:02.372] [CAB] [App] [Orchestrator:test-ins] ≡ƒôñ Goodbye sent to meeting chat
Γä╣∩╕Å [02:23:02.372] [CAB] [App] [Orchestrator:test-ins] ΓÅ│ Waiting 2500ms before leaving meeting

[90mstdout[2m | src-react/__tests__/services/agentMeetingOrchestrator.test.ts[2m > [22m[2mAgentMeetingOrchestrator ΓÇö Mode Separation & Guardrails[2m > [22m[2mAuto-leave on completion ([LEAVE_MEETING] sentinel)[2m > [22m[2m_handleAutoLeave prefers goodbyeMessage over model farewell text when configured
[22m[39mΓä╣∩╕Å [02:23:04.872] [CAB] [App] [Orchestrator:test-ins] ≡ƒÜ¬ Auto-leave triggered ΓÇö emitting leave-requested

[90mstdout[2m | src-react/__tests__/services/agentMeetingOrchestrator.test.ts[2m > [22m[2mAgentMeetingOrchestrator ΓÇö Mode Separation & Guardrails[2m > [22m[2mAuto-leave on completion ([LEAVE_MEETING] sentinel)[2m > [22m[2m_handleAutoLeave uses default goodbye when no farewell and no configured message
[22m[39mΓä╣∩╕Å [02:23:02.375] [CAB] [App] [Orchestrator:test-ins] ≡ƒæï Agent requested to leave ΓÇö delivering goodbye via speech

[90mstdout[2m | src-react/__tests__/services/agentMeetingOrchestrator.test.ts[2m > [22m[2mAgentMeetingOrchestrator ΓÇö Mode Separation & Guardrails[2m > [22m[2mAuto-leave on completion ([LEAVE_MEETING] sentinel)[2m > [22m[2m_handleAutoLeave uses default goodbye when no farewell and no configured message
[22m[39mΓä╣∩╕Å [02:23:02.375] [CAB] [App] [Orchestrator:test-ins] ≡ƒöè Goodbye spoken via TTS
Γä╣∩╕Å [02:23:02.375] [CAB] [App] [Orchestrator:test-ins] ΓÅ│ Waiting 2500ms before leaving meeting

[90mstdout[2m | src-react/__tests__/services/agentMeetingOrchestrator.test.ts[2m > [22m[2mAgentMeetingOrchestrator ΓÇö Mode Separation & Guardrails[2m > [22m[2mAuto-leave on completion ([LEAVE_MEETING] sentinel)[2m > [22m[2m_handleAutoLeave uses default goodbye when no farewell and no configured message
[22m[39mΓä╣∩╕Å [02:23:04.875] [CAB] [App] [Orchestrator:test-ins] ≡ƒÜ¬ Auto-leave triggered ΓÇö emitting leave-requested

[90mstdout[2m | src-react/__tests__/services/agentMeetingOrchestrator.test.ts[2m > [22m[2mAgentMeetingOrchestrator ΓÇö Mode Separation & Guardrails[2m > [22m[2mAuto-leave on completion ([LEAVE_MEETING] sentinel)[2m > [22m[2m_handleAutoLeave stops proactive mode
[22m[39mΓä╣∩╕Å [02:23:02.384] [CAB] [App] [Orchestrator:test-ins] ≡ƒæï Agent requested to leave ΓÇö delivering goodbye via chat

[90mstdout[2m | src-react/__tests__/services/agentMeetingOrchestrator.test.ts[2m > [22m[2mAgentMeetingOrchestrator ΓÇö Mode Separation & Guardrails[2m > [22m[2mAuto-leave on completion ([LEAVE_MEETING] sentinel)[2m > [22m[2m_handleAutoLeave stops proactive mode
[22m[39mΓä╣∩╕Å [02:23:02.384] [CAB] [App] [Orchestrator:test-ins] ≡ƒôñ Goodbye sent to meeting chat
Γä╣∩╕Å [02:23:02.384] [CAB] [App] [Orchestrator:test-ins] ΓÅ│ Waiting 2500ms before leaving meeting

[90mstdout[2m | src-react/__tests__/services/agentMeetingOrchestrator.test.ts[2m > [22m[2mAgentMeetingOrchestrator ΓÇö Mode Separation & Guardrails[2m > [22m[2mAuto-leave on completion ([LEAVE_MEETING] sentinel)[2m > [22m[2m_handleAutoLeave stops proactive mode
[22m[39mΓä╣∩╕Å [02:23:04.884] [CAB] [App] [Orchestrator:test-ins] ≡ƒÜ¬ Auto-leave triggered ΓÇö emitting leave-requested

[90mstdout[2m | src-react/__tests__/services/agentMeetingOrchestrator.test.ts[2m > [22m[2mAgentMeetingOrchestrator ΓÇö Mode Separation & Guardrails[2m > [22m[2mAuto-leave on completion ([LEAVE_MEETING] sentinel)[2m > [22m[2memits leave-requested event on auto-leave
[22m[39mΓä╣∩╕Å [02:23:02.389] [CAB] [App] [Orchestrator:test-ins] ≡ƒæï Agent requested to leave ΓÇö delivering goodbye via chat

[90mstdout[2m | src-react/__tests__/services/agentMeetingOrchestrator.test.ts[2m > [22m[2mAgentMeetingOrchestrator ΓÇö Mode Separation & Guardrails[2m > [22m[2mAuto-leave on completion ([LEAVE_MEETING] sentinel)[2m > [22m[2memits leave-requested event on auto-leave
[22m[39mΓä╣∩╕Å [02:23:02.389] [CAB] [App] [Orchestrator:test-ins] ≡ƒôñ Goodbye sent to meeting chat
Γä╣∩╕Å [02:23:02.389] [CAB] [App] [Orchestrator:test-ins] ΓÅ│ Waiting 2500ms before leaving meeting

[90mstdout[2m | src-react/__tests__/services/agentMeetingOrchestrator.test.ts[2m > [22m[2mAgentMeetingOrchestrator ΓÇö Mode Separation & Guardrails[2m > [22m[2mAuto-leave on completion ([LEAVE_MEETING] sentinel)[2m > [22m[2memits leave-requested event on auto-leave
[22m[39mΓä╣∩╕Å [02:23:04.889] [CAB] [App] [Orchestrator:test-ins] ≡ƒÜ¬ Auto-leave triggered ΓÇö emitting leave-requested

 [32mΓ£ô[39m src-react/__tests__/hooks/useMcpBridge.test.tsx [2m([22m[2m2 tests[22m[2m)[22m[32m 148[2mms[22m[39m
[90mstdout[2m | src-react/__tests__/services/agentMeetingOrchestrator.test.ts[2m > [22m[2mAgentMeetingOrchestrator ΓÇö Mode Separation & Guardrails[2m > [22m[2mWelcome message modes[2m > [22m[2msends default welcome when no welcomeConfig is set
[22m[39mΓä╣∩╕Å [02:23:02.396] [CAB] [App] [Orchestrator:test-ins] ≡ƒôñ Welcome message sent to meeting chat

[90mstdout[2m | src-react/__tests__/services/agentMeetingOrchestrator.test.ts[2m > [22m[2mAgentMeetingOrchestrator ΓÇö Mode Separation & Guardrails[2m > [22m[2mWelcome message modes[2m > [22m[2msends custom static message when mode is custom
[22m[39mΓä╣∩╕Å [02:23:02.398] [CAB] [App] [Orchestrator:test-ins] ≡ƒôñ Welcome message sent to meeting chat

[90mstdout[2m | src-react/__tests__/services/agentMeetingOrchestrator.test.ts[2m > [22m[2mAgentMeetingOrchestrator ΓÇö Mode Separation & Guardrails[2m > [22m[2mWelcome message modes[2m > [22m[2mfalls back to default when custom mode has empty staticMessage
[22m[39mΓä╣∩╕Å [02:23:02.399] [CAB] [App] [Orchestrator:test-ins] ≡ƒôñ Welcome message sent to meeting chat

[90mstdout[2m | src-react/__tests__/services/agentMeetingOrchestrator.test.ts[2m > [22m[2mAgentMeetingOrchestrator ΓÇö Mode Separation & Guardrails[2m > [22m[2mWelcome message modes[2m > [22m[2msends agent-triggered response as welcome when agent responds
[22m[39mΓä╣∩╕Å [02:23:02.401] [CAB] [App] [Orchestrator:test-ins] ≡ƒôñ Welcome message sent to meeting chat

[90mstdout[2m | src-react/__tests__/services/agentMeetingOrchestrator.test.ts[2m > [22m[2mAgentMeetingOrchestrator ΓÇö Mode Separation & Guardrails[2m > [22m[2mWelcome message modes[2m > [22m[2mfalls back to default when agent-triggered mode fails
[22m[39mΓä╣∩╕Å [02:23:02.403] [CAB] [App] [Orchestrator:test-ins] Agent-triggered welcome failed, using default: Error: Agent unavailable

[90mstdout[2m | src-react/__tests__/services/agentMeetingOrchestrator.test.ts[2m > [22m[2mAgentMeetingOrchestrator ΓÇö Mode Separation & Guardrails[2m > [22m[2mWelcome message modes[2m > [22m[2mfalls back to default when agent-triggered mode fails
[22m[39mΓä╣∩╕Å [02:23:02.404] [CAB] [App] [Orchestrator:test-ins] ≡ƒôñ Welcome message sent to meeting chat

[90mstdout[2m | src-react/__tests__/services/agentMeetingOrchestrator.test.ts[2m > [22m[2mAgentMeetingOrchestrator ΓÇö Mode Separation & Guardrails[2m > [22m[2mWelcome message modes[2m > [22m[2mdoes not send welcome message twice
[22m[39mΓä╣∩╕Å [02:23:02.406] [CAB] [App] [Orchestrator:test-ins] ≡ƒôñ Welcome message sent to meeting chat

 [32mΓ£ô[39m src-react/__tests__/services/agentMeetingOrchestrator.test.ts [2m([22m[2m40 tests[22m[2m)[22m[32m 104[2mms[22m[39m
 [32mΓ£ô[39m src-react/__tests__/services/mcpHandlers.test.ts [2m([22m[2m1 test[22m[2m)[22m[33m 617[2mms[22m[39m
     [33m[2mΓ£ô[22m[39m continues processing queued joins after a prior join fails [33m 613[2mms[22m[39m
 [32mΓ£ô[39m src-react/__tests__/services/idleTimeoutService.test.ts [2m([22m[2m15 tests[22m[2m)[22m[32m 41[2mms[22m[39m
stderr | src-react/__tests__/hooks/useSessionAutoCleanup.test.tsx > useSessionAutoCleanup > does not start a cleanup interval when there are no ended sessions
Warning: An update to TestComponent inside a test was not wrapped in act(...).

When testing, code that causes React state updates should be wrapped into act(...):

act(() => {
  /* fire events that update state */
});
/* assert on the output */

This ensures that you're testing the behavior the user would see in the browser. Learn more at https://reactjs.org/link/wrap-tests-with-act
    at TestComponent (C:\Users\marcoszanr\Documents\Dev\teams_agent_bridge\node_modules\@testing-library\react\dist\pure.js:328:5)

 [32mΓ£ô[39m src-react/__tests__/stores/agentStore.test.ts [2m([22m[2m10 tests[22m[2m)[22m[32m 94[2mms[22m[39m
[90mstdout[2m | src-react/__tests__/hooks/useSessionAutoCleanup.test.tsx[2m > [22m[2museSessionAutoCleanup[2m > [22m[2mremoves ended sessions after the configured retention period
[22m[39mΓä╣∩╕Å [02:23:12.434] [CAB] [App] Auto-cleanup: removing ended session ended-se (retention: 1m)
Γä╣∩╕Å [02:23:12.434] [CAB] [App] Session removed: ended-session

stderr | src-react/__tests__/hooks/useSessionAutoCleanup.test.tsx > useSessionAutoCleanup > removes ended sessions after the configured retention period
Warning: An update to TestComponent inside a test was not wrapped in act(...).

When testing, code that causes React state updates should be wrapped into act(...):

act(() => {
  /* fire events that update state */
});
/* assert on the output */

This ensures that you're testing the behavior the user would see in the browser. Learn more at https://reactjs.org/link/wrap-tests-with-act
    at TestComponent (C:\Users\marcoszanr\Documents\Dev\teams_agent_bridge\node_modules\@testing-library\react\dist\pure.js:328:5)

 [32mΓ£ô[39m src-react/__tests__/hooks/useSessionAutoCleanup.test.tsx [2m([22m[2m2 tests[22m[2m)[22m[32m 61[2mms[22m[39m

[2m Test Files [22m [1m[32m13 passed[39m[22m[90m (13)[39m
[2m      Tests [22m [1m[32m100 passed[39m[22m[90m (100)[39m
[2m   Start at [22m 23:22:53
[2m   Duration [22m 8.50s[2m (transform 5.48s, setup 10.63s, import 8.15s, tests 1.22s, environment 73.88s)[22m

